[shell] :3200 -> http://localhost:3200/static/js/index.81ad6215.js
[shell] render failed TypeError: Cannot read properties of null (reading 'products')
    at Component (eval at <anonymous> (remoteEntry.js:260:13), <anonymous>:240:36)
    at renderWithHooks (/Users/tirthbodawala/workspace/module-federation/stacks/rspack-react-mpa/shell/dist/node/837mpa_shell.js:4200:18)
    at renderElement (/Users/tirthbodawala/workspace/module-federation/stacks/rspack-react-mpa/shell/dist/node/837mpa_shell.js:4338:14)
    at retryNode (/Users/tirthbodawala/workspace/module-federation/stacks/rspack-react-mpa/shell/dist/node/837mpa_shell.js:5044:16)
    at renderNodeDestructive (/Users/tirthbodawala/workspace/module-federation/stacks/rspack-react-mpa/shell/dist/node/837mpa_shell.js:4847:7)
    at renderNode (/Users/tirthbodawala/workspace/module-federation/stacks/rspack-react-mpa/shell/dist/node/837mpa_shell.js:5405:14)
    at renderElement (/Users/tirthbodawala/workspace/module-federation/stacks/rspack-react-mpa/shell/dist/node/837mpa_shell.js:4404:14)
    at retryNode (/Users/tirthbodawala/workspace/module-federation/stacks/rspack-react-mpa/shell/dist/node/837mpa_shell.js:5044:16)
    at renderNodeDestructive (/Users/tirthbodawala/workspace/module-federation/stacks/rspack-react-mpa/shell/dist/node/837mpa_shell.js:4847:7)
    at renderNode (/Users/tirthbodawala/workspace/module-federation/stacks/rspack-react-mpa/shell/dist/node/837mpa_shell.js:5405:14)
[shell] render failed TypeError: Cannot destructure property 'product' of 'data' as it is null.
    at Component (eval at <anonymous> (remoteEntry.js:260:13), <anonymous>:229:13)
    at renderWithHooks (/Users/tirthbodawala/workspace/module-federation/stacks/rspack-react-mpa/shell/dist/node/837mpa_shell.js:4200:18)
    at renderElement (/Users/tirthbodawala/workspace/module-federation/stacks/rspack-react-mpa/shell/dist/node/837mpa_shell.js:4338:14)
    at retryNode (/Users/tirthbodawala/workspace/module-federation/stacks/rspack-react-mpa/shell/dist/node/837mpa_shell.js:5044:16)
    at renderNodeDestructive (/Users/tirthbodawala/workspace/module-federation/stacks/rspack-react-mpa/shell/dist/node/837mpa_shell.js:4847:7)
    at renderNode (/Users/tirthbodawala/workspace/module-federation/stacks/rspack-react-mpa/shell/dist/node/837mpa_shell.js:5405:14)
    at renderElement (/Users/tirthbodawala/workspace/module-federation/stacks/rspack-react-mpa/shell/dist/node/837mpa_shell.js:4404:14)
    at retryNode (/Users/tirthbodawala/workspace/module-federation/stacks/rspack-react-mpa/shell/dist/node/837mpa_shell.js:5044:16)
    at renderNodeDestructive (/Users/tirthbodawala/workspace/module-federation/stacks/rspack-react-mpa/shell/dist/node/837mpa_shell.js:4847:7)
    at renderNode (/Users/tirthbodawala/workspace/module-federation/stacks/rspack-react-mpa/shell/dist/node/837mpa_shell.js:5405:14)
[shell] render failed TypeError: Cannot read properties of null (reading 'products')
    at Component (eval at <anonymous> (remoteEntry.js:260:13), <anonymous>:240:36)
    at renderWithHooks (/Users/tirthbodawala/workspace/module-federation/stacks/rspack-react-mpa/shell/dist/node/837mpa_shell.js:4200:18)
    at renderElement (/Users/tirthbodawala/workspace/module-federation/stacks/rspack-react-mpa/shell/dist/node/837mpa_shell.js:4338:14)
    at retryNode (/Users/tirthbodawala/workspace/module-federation/stacks/rspack-react-mpa/shell/dist/node/837mpa_shell.js:5044:16)
    at renderNodeDestructive (/Users/tirthbodawala/workspace/module-federation/stacks/rspack-react-mpa/shell/dist/node/837mpa_shell.js:4847:7)
    at renderNode (/Users/tirthbodawala/workspace/module-federation/stacks/rspack-react-mpa/shell/dist/node/837mpa_shell.js:5405:14)
    at renderElement (/Users/tirthbodawala/workspace/module-federation/stacks/rspack-react-mpa/shell/dist/node/837mpa_shell.js:4404:14)
    at retryNode (/Users/tirthbodawala/workspace/module-federation/stacks/rspack-react-mpa/shell/dist/node/837mpa_shell.js:5044:16)
    at renderNodeDestructive (/Users/tirthbodawala/workspace/module-federation/stacks/rspack-react-mpa/shell/dist/node/837mpa_shell.js:4847:7)
    at renderNode (/Users/tirthbodawala/workspace/module-federation/stacks/rspack-react-mpa/shell/dist/node/837mpa_shell.js:5405:14)
[shell] render failed TypeError: Cannot read properties of null (reading 'products')
    at Component (eval at <anonymous> (remoteEntry.js:260:13), <anonymous>:240:36)
    at renderWithHooks (/Users/tirthbodawala/workspace/module-federation/stacks/rspack-react-mpa/shell/dist/node/837mpa_shell.js:4200:18)
    at renderElement (/Users/tirthbodawala/workspace/module-federation/stacks/rspack-react-mpa/shell/dist/node/837mpa_shell.js:4338:14)
    at retryNode (/Users/tirthbodawala/workspace/module-federation/stacks/rspack-react-mpa/shell/dist/node/837mpa_shell.js:5044:16)
    at renderNodeDestructive (/Users/tirthbodawala/workspace/module-federation/stacks/rspack-react-mpa/shell/dist/node/837mpa_shell.js:4847:7)
    at renderNode (/Users/tirthbodawala/workspace/module-federation/stacks/rspack-react-mpa/shell/dist/node/837mpa_shell.js:5405:14)
    at renderElement (/Users/tirthbodawala/workspace/module-federation/stacks/rspack-react-mpa/shell/dist/node/837mpa_shell.js:4404:14)
    at retryNode (/Users/tirthbodawala/workspace/module-federation/stacks/rspack-react-mpa/shell/dist/node/837mpa_shell.js:5044:16)
    at renderNodeDestructive (/Users/tirthbodawala/workspace/module-federation/stacks/rspack-react-mpa/shell/dist/node/837mpa_shell.js:4847:7)
    at renderNode (/Users/tirthbodawala/workspace/module-federation/stacks/rspack-react-mpa/shell/dist/node/837mpa_shell.js:5405:14)
[shell] render failed TypeError: Cannot destructure property 'product' of 'data' as it is null.
    at Component (eval at <anonymous> (remoteEntry.js:260:13), <anonymous>:229:13)
    at renderWithHooks (/Users/tirthbodawala/workspace/module-federation/stacks/rspack-react-mpa/shell/dist/node/837mpa_shell.js:4200:18)
    at renderElement (/Users/tirthbodawala/workspace/module-federation/stacks/rspack-react-mpa/shell/dist/node/837mpa_shell.js:4338:14)
    at retryNode (/Users/tirthbodawala/workspace/module-federation/stacks/rspack-react-mpa/shell/dist/node/837mpa_shell.js:5044:16)
    at renderNodeDestructive (/Users/tirthbodawala/workspace/module-federation/stacks/rspack-react-mpa/shell/dist/node/837mpa_shell.js:4847:7)
    at renderNode (/Users/tirthbodawala/workspace/module-federation/stacks/rspack-react-mpa/shell/dist/node/837mpa_shell.js:5405:14)
    at renderElement (/Users/tirthbodawala/workspace/module-federation/stacks/rspack-react-mpa/shell/dist/node/837mpa_shell.js:4404:14)
    at retryNode (/Users/tirthbodawala/workspace/module-federation/stacks/rspack-react-mpa/shell/dist/node/837mpa_shell.js:5044:16)
    at renderNodeDestructive (/Users/tirthbodawala/workspace/module-federation/stacks/rspack-react-mpa/shell/dist/node/837mpa_shell.js:4847:7)
    at renderNode (/Users/tirthbodawala/workspace/module-federation/stacks/rspack-react-mpa/shell/dist/node/837mpa_shell.js:5405:14)
[shell] :3200 -> http://localhost:3200/static/js/index.81ad6215.js
[shell] :3200 -> http://localhost:3200/static/js/index.221f6a13.js
[shell] :3200 -> http://localhost:3200/static/js/index.fcef8fbf.js
[shell] :3200 -> http://localhost:3200/static/js/index.9b17e15e.js
[shell] :3200 -> http://localhost:3200/static/js/index.9b17e15e.js
[shell] :3200 -> http://localhost:3200/static/js/index.ebe5af7f.js
[shell] :3200 -> http://localhost:3200/static/js/index.8451d855.js
[shell] :3200 -> http://localhost:3200/static/js/index.8451d855.js
[shell] :3200 -> http://localhost:3200/static/js/index.8451d855.js
