./run-stack.sh: line 27: setsid: command not found
[shell] :3100 -> http://localhost:3100/static/js/index.283a7ca0.js
[ Federation Runtime ]: The remote "faq" is already registered. Please note that overriding it may cause unexpected errors.
[ Federation Runtime ]: The remote "product" is already registered. Please note that overriding it may cause unexpected errors.
[ Federation Runtime ]: The remote "cart" is already registered. Please note that overriding it may cause unexpected errors.
No `HydrateFallback` element provided to render during initial hydration
[ Federation Runtime ]: The remote "faq" is already registered. Please note that overriding it may cause unexpected errors.
[ Federation Runtime ]: The remote "product" is already registered. Please note that overriding it may cause unexpected errors.
[ Federation Runtime ]: The remote "cart" is already registered. Please note that overriding it may cause unexpected errors.
[ Federation Runtime ]: The remote "faq" is already registered. Please note that overriding it may cause unexpected errors.
[ Federation Runtime ]: The remote "product" is already registered. Please note that overriding it may cause unexpected errors.
[ Federation Runtime ]: The remote "cart" is already registered. Please note that overriding it may cause unexpected errors.
[ Federation Runtime ]: The remote "faq" is already registered. Please note that overriding it may cause unexpected errors.
[ Federation Runtime ]: The remote "product" is already registered. Please note that overriding it may cause unexpected errors.
[ Federation Runtime ]: The remote "cart" is already registered. Please note that overriding it may cause unexpected errors.
[ Federation Runtime ]: The remote "faq" is already registered. Please note that overriding it may cause unexpected errors.
[ Federation Runtime ]: The remote "product" is already registered. Please note that overriding it may cause unexpected errors.
[ Federation Runtime ]: The remote "cart" is already registered. Please note that overriding it may cause unexpected errors.
[ Federation Runtime ]: The remote "faq" is already registered. Please note that overriding it may cause unexpected errors.
[ Federation Runtime ]: The remote "product" is already registered. Please note that overriding it may cause unexpected errors.
[ Federation Runtime ]: The remote "cart" is already registered. Please note that overriding it may cause unexpected errors.
[ Federation Runtime ]: The remote "faq" is already registered. Please note that overriding it may cause unexpected errors.
[ Federation Runtime ]: The remote "product" is already registered. Please note that overriding it may cause unexpected errors.
[ Federation Runtime ]: The remote "cart" is already registered. Please note that overriding it may cause unexpected errors.
[shell] :3100 -> http://localhost:3100/static/js/index.fe454bd2.js
[shell] :3100 -> http://localhost:3100/static/js/index.fe454bd2.js
[shell] :3100 -> http://localhost:3100/static/js/index.98fbd1a0.js
[ Federation Runtime ]: The remote "faq" is already registered. Please note that overriding it may cause unexpected errors.
[ Federation Runtime ]: The remote "product" is already registered. Please note that overriding it may cause unexpected errors.
[ Federation Runtime ]: The remote "cart" is already registered. Please note that overriding it may cause unexpected errors.
[ Federation Runtime ]: The remote "faq" is already registered. Please note that overriding it may cause unexpected errors.
[ Federation Runtime ]: The remote "product" is already registered. Please note that overriding it may cause unexpected errors.
[ Federation Runtime ]: The remote "cart" is already registered. Please note that overriding it may cause unexpected errors.
[ Federation Runtime ]: The remote "faq" is already registered. Please note that overriding it may cause unexpected errors.
[ Federation Runtime ]: The remote "product" is already registered. Please note that overriding it may cause unexpected errors.
[ Federation Runtime ]: The remote "cart" is already registered. Please note that overriding it may cause unexpected errors.
[ Federation Runtime ]: The remote "faq" is already registered. Please note that overriding it may cause unexpected errors.
[ Federation Runtime ]: The remote "product" is already registered. Please note that overriding it may cause unexpected errors.
[ Federation Runtime ]: The remote "cart" is already registered. Please note that overriding it may cause unexpected errors.
[ Federation Runtime ] Error: [ Federation Runtime ]: Failed to get manifest. #RUNTIME-003
args: {"manifestUrl":"http://localhost:9/ssr/mf-manifest.json","moduleName":"faq","hostName":"shell"}
View the docs to see how to solve: https://module-federation.io/guide/troubleshooting/runtime#runtime-003
Original Error Message:
 TypeError: fetch failed
    at /Users/tirthbodawala/workspace/module-federation/stacks/rspack-react/shell/dist/node/index.js:3167:15
    at logAndReport (/Users/tirthbodawala/workspace/module-federation/stacks/rspack-react/shell/dist/node/index.js:10:12)
    at Object.error (/Users/tirthbodawala/workspace/module-federation/stacks/rspack-react/shell/dist/node/index.js:3166:92)
    at getManifest (/Users/tirthbodawala/workspace/module-federation/stacks/rspack-react/shell/dist/node/index.js:1502:36)
    at process.processTicksAndRejections (node:internal/process/task_queues:103:5)
    at async asyncLoadProcess (/Users/tirthbodawala/workspace/module-federation/stacks/rspack-react/shell/dist/node/index.js:1535:34)
    at async SnapshotHandler.loadRemoteSnapshotInfo (/Users/tirthbodawala/workspace/module-federation/stacks/rspack-react/shell/dist/node/index.js:1450:36)
    at async Array.afterResolve (/Users/tirthbodawala/workspace/module-federation/stacks/rspack-react/shell/dist/node/index.js:1601:60)
    at async RemoteHandler.getRemoteModuleAndOptions (/Users/tirthbodawala/workspace/module-federation/stacks/rspack-react/shell/dist/node/index.js:2012:27)
    at async RemoteHandler.loadRemote (/Users/tirthbodawala/workspace/module-federation/stacks/rspack-react/shell/dist/node/index.js:1767:64)
[ Federation Runtime ] Error: [ Federation Runtime ]: Failed to get manifest. #RUNTIME-003
args: {"manifestUrl":"http://localhost:9/ssr/mf-manifest.json","moduleName":"faq","hostName":"shell"}
View the docs to see how to solve: https://module-federation.io/guide/troubleshooting/runtime#runtime-003
Original Error Message:
 TypeError: fetch failed
    at /Users/tirthbodawala/workspace/module-federation/stacks/rspack-react/shell/dist/node/index.js:3167:15
    at logAndReport (/Users/tirthbodawala/workspace/module-federation/stacks/rspack-react/shell/dist/node/index.js:10:12)
    at Object.error (/Users/tirthbodawala/workspace/module-federation/stacks/rspack-react/shell/dist/node/index.js:3166:92)
    at getManifest (/Users/tirthbodawala/workspace/module-federation/stacks/rspack-react/shell/dist/node/index.js:1502:36)
    at process.processTicksAndRejections (node:internal/process/task_queues:103:5)
    at async asyncLoadProcess (/Users/tirthbodawala/workspace/module-federation/stacks/rspack-react/shell/dist/node/index.js:1535:34)
    at async SnapshotHandler.loadRemoteSnapshotInfo (/Users/tirthbodawala/workspace/module-federation/stacks/rspack-react/shell/dist/node/index.js:1450:36)
    at async Array.afterResolve (/Users/tirthbodawala/workspace/module-federation/stacks/rspack-react/shell/dist/node/index.js:1601:60)
    at async RemoteHandler.getRemoteModuleAndOptions (/Users/tirthbodawala/workspace/module-federation/stacks/rspack-react/shell/dist/node/index.js:2012:27)
    at async RemoteHandler.loadRemote (/Users/tirthbodawala/workspace/module-federation/stacks/rspack-react/shell/dist/node/index.js:1767:64)
[ Federation Runtime ]: The remote "faq" is already registered. Please note that overriding it may cause unexpected errors.
[ Federation Runtime ]: The remote "product" is already registered. Please note that overriding it may cause unexpected errors.
[ Federation Runtime ]: The remote "cart" is already registered. Please note that overriding it may cause unexpected errors.
[shell] :3100 -> http://localhost:3100/static/js/index.98fbd1a0.js
[shell] :3100 -> http://localhost:3100/static/js/index.62484e96.js
[ Federation Runtime ]: The remote "faq" is already registered. Please note that overriding it may cause unexpected errors.
[ Federation Runtime ]: The remote "product" is already registered. Please note that overriding it may cause unexpected errors.
[ Federation Runtime ]: The remote "cart" is already registered. Please note that overriding it may cause unexpected errors.
[ Federation Runtime ]: The remote "faq" is already registered. Please note that overriding it may cause unexpected errors.
[ Federation Runtime ]: The remote "product" is already registered. Please note that overriding it may cause unexpected errors.
[ Federation Runtime ]: The remote "cart" is already registered. Please note that overriding it may cause unexpected errors.
[ Federation Runtime ]: The remote "faq" is already registered. Please note that overriding it may cause unexpected errors.
[ Federation Runtime ]: The remote "product" is already registered. Please note that overriding it may cause unexpected errors.
[ Federation Runtime ]: The remote "cart" is already registered. Please note that overriding it may cause unexpected errors.
[ Federation Runtime ] Error: [ Federation Runtime ]: Failed to get manifest. #RUNTIME-003
args: {"manifestUrl":"http://localhost:9/ssr/mf-manifest.json","moduleName":"faq","hostName":"shell"}
View the docs to see how to solve: https://module-federation.io/guide/troubleshooting/runtime#runtime-003
Original Error Message:
 TypeError: fetch failed
    at /Users/tirthbodawala/workspace/module-federation/stacks/rspack-react/shell/dist/node/index.js:3167:15
    at logAndReport (/Users/tirthbodawala/workspace/module-federation/stacks/rspack-react/shell/dist/node/index.js:10:12)
    at Object.error (/Users/tirthbodawala/workspace/module-federation/stacks/rspack-react/shell/dist/node/index.js:3166:92)
    at getManifest (/Users/tirthbodawala/workspace/module-federation/stacks/rspack-react/shell/dist/node/index.js:1502:36)
    at process.processTicksAndRejections (node:internal/process/task_queues:103:5)
    at async asyncLoadProcess (/Users/tirthbodawala/workspace/module-federation/stacks/rspack-react/shell/dist/node/index.js:1535:34)
    at async SnapshotHandler.loadRemoteSnapshotInfo (/Users/tirthbodawala/workspace/module-federation/stacks/rspack-react/shell/dist/node/index.js:1450:36)
    at async Array.afterResolve (/Users/tirthbodawala/workspace/module-federation/stacks/rspack-react/shell/dist/node/index.js:1601:60)
    at async RemoteHandler.getRemoteModuleAndOptions (/Users/tirthbodawala/workspace/module-federation/stacks/rspack-react/shell/dist/node/index.js:2012:27)
    at async RemoteHandler.loadRemote (/Users/tirthbodawala/workspace/module-federation/stacks/rspack-react/shell/dist/node/index.js:1767:64)
[ Federation Runtime ] Error: [ Federation Runtime ]: Failed to get manifest. #RUNTIME-003
args: {"manifestUrl":"http://localhost:9/ssr/mf-manifest.json","moduleName":"faq","hostName":"shell"}
View the docs to see how to solve: https://module-federation.io/guide/troubleshooting/runtime#runtime-003
Original Error Message:
 TypeError: fetch failed
    at /Users/tirthbodawala/workspace/module-federation/stacks/rspack-react/shell/dist/node/index.js:3167:15
    at logAndReport (/Users/tirthbodawala/workspace/module-federation/stacks/rspack-react/shell/dist/node/index.js:10:12)
    at Object.error (/Users/tirthbodawala/workspace/module-federation/stacks/rspack-react/shell/dist/node/index.js:3166:92)
    at getManifest (/Users/tirthbodawala/workspace/module-federation/stacks/rspack-react/shell/dist/node/index.js:1502:36)
    at process.processTicksAndRejections (node:internal/process/task_queues:103:5)
    at async asyncLoadProcess (/Users/tirthbodawala/workspace/module-federation/stacks/rspack-react/shell/dist/node/index.js:1535:34)
    at async SnapshotHandler.loadRemoteSnapshotInfo (/Users/tirthbodawala/workspace/module-federation/stacks/rspack-react/shell/dist/node/index.js:1450:36)
    at async Array.afterResolve (/Users/tirthbodawala/workspace/module-federation/stacks/rspack-react/shell/dist/node/index.js:1601:60)
    at async RemoteHandler.getRemoteModuleAndOptions (/Users/tirthbodawala/workspace/module-federation/stacks/rspack-react/shell/dist/node/index.js:2012:27)
    at async RemoteHandler.loadRemote (/Users/tirthbodawala/workspace/module-federation/stacks/rspack-react/shell/dist/node/index.js:1767:64)
[ Federation Runtime ]: The remote "faq" is already registered. Please note that overriding it may cause unexpected errors.
[ Federation Runtime ]: The remote "product" is already registered. Please note that overriding it may cause unexpected errors.
[ Federation Runtime ]: The remote "cart" is already registered. Please note that overriding it may cause unexpected errors.
[shell] :3100 -> http://localhost:3100/static/js/index.52e69067.js
[shell] :3100 -> http://localhost:3100/static/js/index.4715618f.js
[shell] :3100 -> http://localhost:3100/static/js/index.f481060a.js
[ Federation Runtime ]: The remote "faq" is already registered. Please note that overriding it may cause unexpected errors.
[ Federation Runtime ]: The remote "product" is already registered. Please note that overriding it may cause unexpected errors.
[ Federation Runtime ]: The remote "cart" is already registered. Please note that overriding it may cause unexpected errors.
[ Federation Runtime ]: The remote "faq" is already registered. Please note that overriding it may cause unexpected errors.
[ Federation Runtime ]: The remote "product" is already registered. Please note that overriding it may cause unexpected errors.
[ Federation Runtime ]: The remote "cart" is already registered. Please note that overriding it may cause unexpected errors.
[ Federation Runtime ]: The remote "faq" is already registered. Please note that overriding it may cause unexpected errors.
[ Federation Runtime ]: The remote "product" is already registered. Please note that overriding it may cause unexpected errors.
[ Federation Runtime ]: The remote "cart" is already registered. Please note that overriding it may cause unexpected errors.
[ Federation Runtime ] Error: [ Federation Runtime ]: Failed to get manifest. #RUNTIME-003
args: {"manifestUrl":"http://localhost:9/ssr/mf-manifest.json","moduleName":"faq","hostName":"shell"}
View the docs to see how to solve: https://module-federation.io/guide/troubleshooting/runtime#runtime-003
Original Error Message:
 TypeError: fetch failed
    at /Users/tirthbodawala/workspace/module-federation/stacks/rspack-react/shell/dist/node/index.js:3167:15
    at logAndReport (/Users/tirthbodawala/workspace/module-federation/stacks/rspack-react/shell/dist/node/index.js:10:12)
    at Object.error (/Users/tirthbodawala/workspace/module-federation/stacks/rspack-react/shell/dist/node/index.js:3166:92)
    at getManifest (/Users/tirthbodawala/workspace/module-federation/stacks/rspack-react/shell/dist/node/index.js:1502:36)
    at process.processTicksAndRejections (node:internal/process/task_queues:103:5)
    at async asyncLoadProcess (/Users/tirthbodawala/workspace/module-federation/stacks/rspack-react/shell/dist/node/index.js:1535:34)
    at async SnapshotHandler.loadRemoteSnapshotInfo (/Users/tirthbodawala/workspace/module-federation/stacks/rspack-react/shell/dist/node/index.js:1450:36)
    at async Array.afterResolve (/Users/tirthbodawala/workspace/module-federation/stacks/rspack-react/shell/dist/node/index.js:1601:60)
    at async RemoteHandler.getRemoteModuleAndOptions (/Users/tirthbodawala/workspace/module-federation/stacks/rspack-react/shell/dist/node/index.js:2012:27)
    at async RemoteHandler.loadRemote (/Users/tirthbodawala/workspace/module-federation/stacks/rspack-react/shell/dist/node/index.js:1767:64)
[ Federation Runtime ] Error: [ Federation Runtime ]: Failed to get manifest. #RUNTIME-003
args: {"manifestUrl":"http://localhost:9/ssr/mf-manifest.json","moduleName":"faq","hostName":"shell"}
View the docs to see how to solve: https://module-federation.io/guide/troubleshooting/runtime#runtime-003
Original Error Message:
 TypeError: fetch failed
    at /Users/tirthbodawala/workspace/module-federation/stacks/rspack-react/shell/dist/node/index.js:3167:15
    at logAndReport (/Users/tirthbodawala/workspace/module-federation/stacks/rspack-react/shell/dist/node/index.js:10:12)
    at Object.error (/Users/tirthbodawala/workspace/module-federation/stacks/rspack-react/shell/dist/node/index.js:3166:92)
    at getManifest (/Users/tirthbodawala/workspace/module-federation/stacks/rspack-react/shell/dist/node/index.js:1502:36)
    at process.processTicksAndRejections (node:internal/process/task_queues:103:5)
    at async asyncLoadProcess (/Users/tirthbodawala/workspace/module-federation/stacks/rspack-react/shell/dist/node/index.js:1535:34)
    at async SnapshotHandler.loadRemoteSnapshotInfo (/Users/tirthbodawala/workspace/module-federation/stacks/rspack-react/shell/dist/node/index.js:1450:36)
    at async Array.afterResolve (/Users/tirthbodawala/workspace/module-federation/stacks/rspack-react/shell/dist/node/index.js:1601:60)
    at async RemoteHandler.getRemoteModuleAndOptions (/Users/tirthbodawala/workspace/module-federation/stacks/rspack-react/shell/dist/node/index.js:2012:27)
    at async RemoteHandler.loadRemote (/Users/tirthbodawala/workspace/module-federation/stacks/rspack-react/shell/dist/node/index.js:1767:64)
[shell] :3100 -> http://localhost:3100/static/js/index.f481060a.js
[shell] :3100 -> http://localhost:3100/static/js/index.f481060a.js
[shell] :3100 -> http://localhost:3100/static/js/index.f481060a.js
[shell] :3100 -> http://localhost:3100/static/js/index.edee968b.js
[ Federation Runtime ]: The remote "faq" is already registered. Please note that overriding it may cause unexpected errors.
[ Federation Runtime ]: The remote "product" is already registered. Please note that overriding it may cause unexpected errors.
[ Federation Runtime ]: The remote "cart" is already registered. Please note that overriding it may cause unexpected errors.
[ Federation Runtime ]: The remote "faq" is already registered. Please note that overriding it may cause unexpected errors.
[ Federation Runtime ]: The remote "product" is already registered. Please note that overriding it may cause unexpected errors.
[ Federation Runtime ]: The remote "cart" is already registered. Please note that overriding it may cause unexpected errors.
[ Federation Runtime ]: The remote "faq" is already registered. Please note that overriding it may cause unexpected errors.
[ Federation Runtime ]: The remote "product" is already registered. Please note that overriding it may cause unexpected errors.
[ Federation Runtime ]: The remote "cart" is already registered. Please note that overriding it may cause unexpected errors.
[ Federation Runtime ] Error: [ Federation Runtime ]: Failed to get manifest. #RUNTIME-003
args: {"manifestUrl":"http://localhost:9/ssr/mf-manifest.json","moduleName":"faq","hostName":"shell"}
View the docs to see how to solve: https://module-federation.io/guide/troubleshooting/runtime#runtime-003
Original Error Message:
 TypeError: fetch failed
    at /Users/tirthbodawala/workspace/module-federation/stacks/rspack-react/shell/dist/node/index.js:3230:15
    at logAndReport (/Users/tirthbodawala/workspace/module-federation/stacks/rspack-react/shell/dist/node/index.js:10:12)
    at Object.error (/Users/tirthbodawala/workspace/module-federation/stacks/rspack-react/shell/dist/node/index.js:3229:92)
    at getManifest (/Users/tirthbodawala/workspace/module-federation/stacks/rspack-react/shell/dist/node/index.js:1565:36)
    at process.processTicksAndRejections (node:internal/process/task_queues:103:5)
    at async asyncLoadProcess (/Users/tirthbodawala/workspace/module-federation/stacks/rspack-react/shell/dist/node/index.js:1598:34)
    at async SnapshotHandler.loadRemoteSnapshotInfo (/Users/tirthbodawala/workspace/module-federation/stacks/rspack-react/shell/dist/node/index.js:1513:36)
    at async Array.afterResolve (/Users/tirthbodawala/workspace/module-federation/stacks/rspack-react/shell/dist/node/index.js:1664:60)
    at async RemoteHandler.getRemoteModuleAndOptions (/Users/tirthbodawala/workspace/module-federation/stacks/rspack-react/shell/dist/node/index.js:2075:27)
    at async RemoteHandler.loadRemote (/Users/tirthbodawala/workspace/module-federation/stacks/rspack-react/shell/dist/node/index.js:1830:64)
[ Federation Runtime ] Error: [ Federation Runtime ]: Failed to get manifest. #RUNTIME-003
args: {"manifestUrl":"http://localhost:9/ssr/mf-manifest.json","moduleName":"faq","hostName":"shell"}
View the docs to see how to solve: https://module-federation.io/guide/troubleshooting/runtime#runtime-003
Original Error Message:
 TypeError: fetch failed
    at /Users/tirthbodawala/workspace/module-federation/stacks/rspack-react/shell/dist/node/index.js:3230:15
    at logAndReport (/Users/tirthbodawala/workspace/module-federation/stacks/rspack-react/shell/dist/node/index.js:10:12)
    at Object.error (/Users/tirthbodawala/workspace/module-federation/stacks/rspack-react/shell/dist/node/index.js:3229:92)
    at getManifest (/Users/tirthbodawala/workspace/module-federation/stacks/rspack-react/shell/dist/node/index.js:1565:36)
    at process.processTicksAndRejections (node:internal/process/task_queues:103:5)
    at async asyncLoadProcess (/Users/tirthbodawala/workspace/module-federation/stacks/rspack-react/shell/dist/node/index.js:1598:34)
    at async SnapshotHandler.loadRemoteSnapshotInfo (/Users/tirthbodawala/workspace/module-federation/stacks/rspack-react/shell/dist/node/index.js:1513:36)
    at async Array.afterResolve (/Users/tirthbodawala/workspace/module-federation/stacks/rspack-react/shell/dist/node/index.js:1664:60)
    at async RemoteHandler.getRemoteModuleAndOptions (/Users/tirthbodawala/workspace/module-federation/stacks/rspack-react/shell/dist/node/index.js:2075:27)
    at async RemoteHandler.loadRemote (/Users/tirthbodawala/workspace/module-federation/stacks/rspack-react/shell/dist/node/index.js:1830:64)
[ Federation Runtime ]: The remote "faq" is already registered. Please note that overriding it may cause unexpected errors.
[ Federation Runtime ]: The remote "product" is already registered. Please note that overriding it may cause unexpected errors.
[ Federation Runtime ]: The remote "cart" is already registered. Please note that overriding it may cause unexpected errors.
[shell] :3100 -> http://localhost:3100/static/js/index.edee968b.js
[shell] :3100 -> http://localhost:3100/static/js/index.edee968b.js
[shell] :3100 -> http://localhost:3100/static/js/index.edee968b.js
[shell] :3100 -> http://localhost:3100/static/js/index.799277ba.js
[shell] :3100 -> http://localhost:3100/static/js/index.799277ba.js
[shell] :3100 -> http://localhost:3100/static/js/index.799277ba.js
[shell] :3100 -> http://localhost:3100/static/js/index.0be3839e.js
[ Federation Runtime ]: The remote "faq" is already registered. Please note that overriding it may cause unexpected errors.
[ Federation Runtime ]: The remote "product" is already registered. Please note that overriding it may cause unexpected errors.
[ Federation Runtime ]: The remote "cart" is already registered. Please note that overriding it may cause unexpected errors.
[ Federation Runtime ]: The remote "faq" is already registered. Please note that overriding it may cause unexpected errors.
[ Federation Runtime ]: The remote "product" is already registered. Please note that overriding it may cause unexpected errors.
[ Federation Runtime ]: The remote "cart" is already registered. Please note that overriding it may cause unexpected errors.
[ Federation Runtime ]: The remote "faq" is already registered. Please note that overriding it may cause unexpected errors.
[ Federation Runtime ]: The remote "product" is already registered. Please note that overriding it may cause unexpected errors.
[ Federation Runtime ]: The remote "cart" is already registered. Please note that overriding it may cause unexpected errors.
[ Federation Runtime ] Error: [ Federation Runtime ]: Failed to get manifest. #RUNTIME-003
args: {"manifestUrl":"http://localhost:9/ssr/mf-manifest.json","moduleName":"faq","hostName":"shell"}
View the docs to see how to solve: https://module-federation.io/guide/troubleshooting/runtime#runtime-003
Original Error Message:
 TypeError: fetch failed
    at /Users/tirthbodawala/workspace/module-federation/stacks/rspack-react/shell/dist/node/index.js:3230:15
    at logAndReport (/Users/tirthbodawala/workspace/module-federation/stacks/rspack-react/shell/dist/node/index.js:10:12)
    at Object.error (/Users/tirthbodawala/workspace/module-federation/stacks/rspack-react/shell/dist/node/index.js:3229:92)
    at getManifest (/Users/tirthbodawala/workspace/module-federation/stacks/rspack-react/shell/dist/node/index.js:1565:36)
    at process.processTicksAndRejections (node:internal/process/task_queues:103:5)
    at async asyncLoadProcess (/Users/tirthbodawala/workspace/module-federation/stacks/rspack-react/shell/dist/node/index.js:1598:34)
    at async SnapshotHandler.loadRemoteSnapshotInfo (/Users/tirthbodawala/workspace/module-federation/stacks/rspack-react/shell/dist/node/index.js:1513:36)
    at async Array.afterResolve (/Users/tirthbodawala/workspace/module-federation/stacks/rspack-react/shell/dist/node/index.js:1664:60)
    at async RemoteHandler.getRemoteModuleAndOptions (/Users/tirthbodawala/workspace/module-federation/stacks/rspack-react/shell/dist/node/index.js:2075:27)
    at async RemoteHandler.loadRemote (/Users/tirthbodawala/workspace/module-federation/stacks/rspack-react/shell/dist/node/index.js:1830:64)
[ Federation Runtime ] Error: [ Federation Runtime ]: Failed to get manifest. #RUNTIME-003
args: {"manifestUrl":"http://localhost:9/ssr/mf-manifest.json","moduleName":"faq","hostName":"shell"}
View the docs to see how to solve: https://module-federation.io/guide/troubleshooting/runtime#runtime-003
Original Error Message:
 TypeError: fetch failed
    at /Users/tirthbodawala/workspace/module-federation/stacks/rspack-react/shell/dist/node/index.js:3230:15
    at logAndReport (/Users/tirthbodawala/workspace/module-federation/stacks/rspack-react/shell/dist/node/index.js:10:12)
    at Object.error (/Users/tirthbodawala/workspace/module-federation/stacks/rspack-react/shell/dist/node/index.js:3229:92)
    at getManifest (/Users/tirthbodawala/workspace/module-federation/stacks/rspack-react/shell/dist/node/index.js:1565:36)
    at process.processTicksAndRejections (node:internal/process/task_queues:103:5)
    at async asyncLoadProcess (/Users/tirthbodawala/workspace/module-federation/stacks/rspack-react/shell/dist/node/index.js:1598:34)
    at async SnapshotHandler.loadRemoteSnapshotInfo (/Users/tirthbodawala/workspace/module-federation/stacks/rspack-react/shell/dist/node/index.js:1513:36)
    at async Array.afterResolve (/Users/tirthbodawala/workspace/module-federation/stacks/rspack-react/shell/dist/node/index.js:1664:60)
    at async RemoteHandler.getRemoteModuleAndOptions (/Users/tirthbodawala/workspace/module-federation/stacks/rspack-react/shell/dist/node/index.js:2075:27)
    at async RemoteHandler.loadRemote (/Users/tirthbodawala/workspace/module-federation/stacks/rspack-react/shell/dist/node/index.js:1830:64)
[ Federation Runtime ]: The remote "faq" is already registered. Please note that overriding it may cause unexpected errors.
[ Federation Runtime ]: The remote "product" is already registered. Please note that overriding it may cause unexpected errors.
[ Federation Runtime ]: The remote "cart" is already registered. Please note that overriding it may cause unexpected errors.
[ Federation Runtime ]: The remote "faq" is already registered. Please note that overriding it may cause unexpected errors.
[ Federation Runtime ]: The remote "product" is already registered. Please note that overriding it may cause unexpected errors.
[ Federation Runtime ]: The remote "cart" is already registered. Please note that overriding it may cause unexpected errors.
[ Federation Runtime ]: The remote "faq" is already registered. Please note that overriding it may cause unexpected errors.
[ Federation Runtime ]: The remote "product" is already registered. Please note that overriding it may cause unexpected errors.
[ Federation Runtime ]: The remote "cart" is already registered. Please note that overriding it may cause unexpected errors.
[ Federation Runtime ]: The remote "faq" is already registered. Please note that overriding it may cause unexpected errors.
[ Federation Runtime ]: The remote "product" is already registered. Please note that overriding it may cause unexpected errors.
[ Federation Runtime ]: The remote "cart" is already registered. Please note that overriding it may cause unexpected errors.
[ Federation Runtime ] Error: [ Federation Runtime ]: Failed to get manifest. #RUNTIME-003
args: {"manifestUrl":"http://localhost:9/ssr/mf-manifest.json","moduleName":"faq","hostName":"shell"}
View the docs to see how to solve: https://module-federation.io/guide/troubleshooting/runtime#runtime-003
Original Error Message:
 TypeError: fetch failed
    at /Users/tirthbodawala/workspace/module-federation/stacks/rspack-react/shell/dist/node/index.js:3230:15
    at logAndReport (/Users/tirthbodawala/workspace/module-federation/stacks/rspack-react/shell/dist/node/index.js:10:12)
    at Object.error (/Users/tirthbodawala/workspace/module-federation/stacks/rspack-react/shell/dist/node/index.js:3229:92)
    at getManifest (/Users/tirthbodawala/workspace/module-federation/stacks/rspack-react/shell/dist/node/index.js:1565:36)
    at process.processTicksAndRejections (node:internal/process/task_queues:103:5)
    at async asyncLoadProcess (/Users/tirthbodawala/workspace/module-federation/stacks/rspack-react/shell/dist/node/index.js:1598:34)
    at async SnapshotHandler.loadRemoteSnapshotInfo (/Users/tirthbodawala/workspace/module-federation/stacks/rspack-react/shell/dist/node/index.js:1513:36)
    at async Array.afterResolve (/Users/tirthbodawala/workspace/module-federation/stacks/rspack-react/shell/dist/node/index.js:1664:60)
    at async RemoteHandler.getRemoteModuleAndOptions (/Users/tirthbodawala/workspace/module-federation/stacks/rspack-react/shell/dist/node/index.js:2075:27)
    at async RemoteHandler.loadRemote (/Users/tirthbodawala/workspace/module-federation/stacks/rspack-react/shell/dist/node/index.js:1830:64)
[ Federation Runtime ] Error: [ Federation Runtime ]: Failed to get manifest. #RUNTIME-003
args: {"manifestUrl":"http://localhost:9/ssr/mf-manifest.json","moduleName":"faq","hostName":"shell"}
View the docs to see how to solve: https://module-federation.io/guide/troubleshooting/runtime#runtime-003
Original Error Message:
 TypeError: fetch failed
    at /Users/tirthbodawala/workspace/module-federation/stacks/rspack-react/shell/dist/node/index.js:3230:15
    at logAndReport (/Users/tirthbodawala/workspace/module-federation/stacks/rspack-react/shell/dist/node/index.js:10:12)
    at Object.error (/Users/tirthbodawala/workspace/module-federation/stacks/rspack-react/shell/dist/node/index.js:3229:92)
    at getManifest (/Users/tirthbodawala/workspace/module-federation/stacks/rspack-react/shell/dist/node/index.js:1565:36)
    at process.processTicksAndRejections (node:internal/process/task_queues:103:5)
    at async asyncLoadProcess (/Users/tirthbodawala/workspace/module-federation/stacks/rspack-react/shell/dist/node/index.js:1598:34)
    at async SnapshotHandler.loadRemoteSnapshotInfo (/Users/tirthbodawala/workspace/module-federation/stacks/rspack-react/shell/dist/node/index.js:1513:36)
    at async Array.afterResolve (/Users/tirthbodawala/workspace/module-federation/stacks/rspack-react/shell/dist/node/index.js:1664:60)
    at async RemoteHandler.getRemoteModuleAndOptions (/Users/tirthbodawala/workspace/module-federation/stacks/rspack-react/shell/dist/node/index.js:2075:27)
    at async RemoteHandler.loadRemote (/Users/tirthbodawala/workspace/module-federation/stacks/rspack-react/shell/dist/node/index.js:1830:64)
[shell] :3100 -> http://localhost:3100/static/js/index.0be3839e.js
[ Federation Runtime ]: The remote "faq" is already registered. Please note that overriding it may cause unexpected errors.
[ Federation Runtime ]: The remote "product" is already registered. Please note that overriding it may cause unexpected errors.
[ Federation Runtime ]: The remote "cart" is already registered. Please note that overriding it may cause unexpected errors.
[ Federation Runtime ]: The remote "faq" is already registered. Please note that overriding it may cause unexpected errors.
[ Federation Runtime ]: The remote "product" is already registered. Please note that overriding it may cause unexpected errors.
[ Federation Runtime ]: The remote "cart" is already registered. Please note that overriding it may cause unexpected errors.
[ Federation Runtime ]: The remote "faq" is already registered. Please note that overriding it may cause unexpected errors.
[ Federation Runtime ]: The remote "product" is already registered. Please note that overriding it may cause unexpected errors.
[ Federation Runtime ]: The remote "cart" is already registered. Please note that overriding it may cause unexpected errors.
[ Federation Runtime ] Error: [ Federation Runtime ]: Failed to get manifest. #RUNTIME-003
args: {"manifestUrl":"http://localhost:9/ssr/mf-manifest.json","moduleName":"faq","hostName":"shell"}
View the docs to see how to solve: https://module-federation.io/guide/troubleshooting/runtime#runtime-003
Original Error Message:
 TypeError: fetch failed
    at /Users/tirthbodawala/workspace/module-federation/stacks/rspack-react/shell/dist/node/index.js:3230:15
    at logAndReport (/Users/tirthbodawala/workspace/module-federation/stacks/rspack-react/shell/dist/node/index.js:10:12)
    at Object.error (/Users/tirthbodawala/workspace/module-federation/stacks/rspack-react/shell/dist/node/index.js:3229:92)
    at getManifest (/Users/tirthbodawala/workspace/module-federation/stacks/rspack-react/shell/dist/node/index.js:1565:36)
    at process.processTicksAndRejections (node:internal/process/task_queues:103:5)
    at async asyncLoadProcess (/Users/tirthbodawala/workspace/module-federation/stacks/rspack-react/shell/dist/node/index.js:1598:34)
    at async SnapshotHandler.loadRemoteSnapshotInfo (/Users/tirthbodawala/workspace/module-federation/stacks/rspack-react/shell/dist/node/index.js:1513:36)
    at async Array.afterResolve (/Users/tirthbodawala/workspace/module-federation/stacks/rspack-react/shell/dist/node/index.js:1664:60)
    at async RemoteHandler.getRemoteModuleAndOptions (/Users/tirthbodawala/workspace/module-federation/stacks/rspack-react/shell/dist/node/index.js:2075:27)
    at async RemoteHandler.loadRemote (/Users/tirthbodawala/workspace/module-federation/stacks/rspack-react/shell/dist/node/index.js:1830:64)
[ Federation Runtime ] Error: [ Federation Runtime ]: Failed to get manifest. #RUNTIME-003
args: {"manifestUrl":"http://localhost:9/ssr/mf-manifest.json","moduleName":"faq","hostName":"shell"}
View the docs to see how to solve: https://module-federation.io/guide/troubleshooting/runtime#runtime-003
Original Error Message:
 TypeError: fetch failed
    at /Users/tirthbodawala/workspace/module-federation/stacks/rspack-react/shell/dist/node/index.js:3230:15
    at logAndReport (/Users/tirthbodawala/workspace/module-federation/stacks/rspack-react/shell/dist/node/index.js:10:12)
    at Object.error (/Users/tirthbodawala/workspace/module-federation/stacks/rspack-react/shell/dist/node/index.js:3229:92)
    at getManifest (/Users/tirthbodawala/workspace/module-federation/stacks/rspack-react/shell/dist/node/index.js:1565:36)
    at process.processTicksAndRejections (node:internal/process/task_queues:103:5)
    at async asyncLoadProcess (/Users/tirthbodawala/workspace/module-federation/stacks/rspack-react/shell/dist/node/index.js:1598:34)
    at async SnapshotHandler.loadRemoteSnapshotInfo (/Users/tirthbodawala/workspace/module-federation/stacks/rspack-react/shell/dist/node/index.js:1513:36)
    at async Array.afterResolve (/Users/tirthbodawala/workspace/module-federation/stacks/rspack-react/shell/dist/node/index.js:1664:60)
    at async RemoteHandler.getRemoteModuleAndOptions (/Users/tirthbodawala/workspace/module-federation/stacks/rspack-react/shell/dist/node/index.js:2075:27)
    at async RemoteHandler.loadRemote (/Users/tirthbodawala/workspace/module-federation/stacks/rspack-react/shell/dist/node/index.js:1830:64)
[ Federation Runtime ]: The remote "faq" is already registered. Please note that overriding it may cause unexpected errors.
[ Federation Runtime ]: The remote "product" is already registered. Please note that overriding it may cause unexpected errors.
[ Federation Runtime ]: The remote "cart" is already registered. Please note that overriding it may cause unexpected errors.
[shell] :3100 -> http://localhost:3100/static/js/index.0be3839e.js
[shell] :3100 -> http://localhost:3100/static/js/index.0be3839e.js
[shell] :3100 -> http://localhost:3100/static/js/index.0be3839e.js
[ Federation Runtime ]: The remote "faq" is already registered. Please note that overriding it may cause unexpected errors.
[ Federation Runtime ]: The remote "product" is already registered. Please note that overriding it may cause unexpected errors.
[ Federation Runtime ]: The remote "cart" is already registered. Please note that overriding it may cause unexpected errors.
[ Federation Runtime ]: The remote "faq" is already registered. Please note that overriding it may cause unexpected errors.
[ Federation Runtime ]: The remote "product" is already registered. Please note that overriding it may cause unexpected errors.
[ Federation Runtime ]: The remote "cart" is already registered. Please note that overriding it may cause unexpected errors.
[ Federation Runtime ]: The remote "faq" is already registered. Please note that overriding it may cause unexpected errors.
[ Federation Runtime ]: The remote "product" is already registered. Please note that overriding it may cause unexpected errors.
[ Federation Runtime ]: The remote "cart" is already registered. Please note that overriding it may cause unexpected errors.
[ Federation Runtime ] Error: [ Federation Runtime ]: Failed to get manifest. #RUNTIME-003
args: {"manifestUrl":"http://localhost:9/ssr/mf-manifest.json","moduleName":"faq","hostName":"shell"}
View the docs to see how to solve: https://module-federation.io/guide/troubleshooting/runtime#runtime-003
Original Error Message:
 TypeError: fetch failed
    at /Users/tirthbodawala/workspace/module-federation/stacks/rspack-react/shell/dist/node/index.js:3230:15
    at logAndReport (/Users/tirthbodawala/workspace/module-federation/stacks/rspack-react/shell/dist/node/index.js:10:12)
    at Object.error (/Users/tirthbodawala/workspace/module-federation/stacks/rspack-react/shell/dist/node/index.js:3229:92)
    at getManifest (/Users/tirthbodawala/workspace/module-federation/stacks/rspack-react/shell/dist/node/index.js:1565:36)
    at process.processTicksAndRejections (node:internal/process/task_queues:103:5)
    at async asyncLoadProcess (/Users/tirthbodawala/workspace/module-federation/stacks/rspack-react/shell/dist/node/index.js:1598:34)
    at async SnapshotHandler.loadRemoteSnapshotInfo (/Users/tirthbodawala/workspace/module-federation/stacks/rspack-react/shell/dist/node/index.js:1513:36)
    at async Array.afterResolve (/Users/tirthbodawala/workspace/module-federation/stacks/rspack-react/shell/dist/node/index.js:1664:60)
    at async RemoteHandler.getRemoteModuleAndOptions (/Users/tirthbodawala/workspace/module-federation/stacks/rspack-react/shell/dist/node/index.js:2075:27)
    at async RemoteHandler.loadRemote (/Users/tirthbodawala/workspace/module-federation/stacks/rspack-react/shell/dist/node/index.js:1830:64)
[ Federation Runtime ] Error: [ Federation Runtime ]: Failed to get manifest. #RUNTIME-003
args: {"manifestUrl":"http://localhost:9/ssr/mf-manifest.json","moduleName":"faq","hostName":"shell"}
View the docs to see how to solve: https://module-federation.io/guide/troubleshooting/runtime#runtime-003
Original Error Message:
 TypeError: fetch failed
    at /Users/tirthbodawala/workspace/module-federation/stacks/rspack-react/shell/dist/node/index.js:3230:15
    at logAndReport (/Users/tirthbodawala/workspace/module-federation/stacks/rspack-react/shell/dist/node/index.js:10:12)
    at Object.error (/Users/tirthbodawala/workspace/module-federation/stacks/rspack-react/shell/dist/node/index.js:3229:92)
    at getManifest (/Users/tirthbodawala/workspace/module-federation/stacks/rspack-react/shell/dist/node/index.js:1565:36)
    at process.processTicksAndRejections (node:internal/process/task_queues:103:5)
    at async asyncLoadProcess (/Users/tirthbodawala/workspace/module-federation/stacks/rspack-react/shell/dist/node/index.js:1598:34)
    at async SnapshotHandler.loadRemoteSnapshotInfo (/Users/tirthbodawala/workspace/module-federation/stacks/rspack-react/shell/dist/node/index.js:1513:36)
    at async Array.afterResolve (/Users/tirthbodawala/workspace/module-federation/stacks/rspack-react/shell/dist/node/index.js:1664:60)
    at async RemoteHandler.getRemoteModuleAndOptions (/Users/tirthbodawala/workspace/module-federation/stacks/rspack-react/shell/dist/node/index.js:2075:27)
    at async RemoteHandler.loadRemote (/Users/tirthbodawala/workspace/module-federation/stacks/rspack-react/shell/dist/node/index.js:1830:64)
[ Federation Runtime ]: The remote "faq" is already registered. Please note that overriding it may cause unexpected errors.
[ Federation Runtime ]: The remote "product" is already registered. Please note that overriding it may cause unexpected errors.
[ Federation Runtime ]: The remote "cart" is already registered. Please note that overriding it may cause unexpected errors.
[shell] :3100 -> http://localhost:3100/static/js/index.6aa6baea.js
[shell] render failed ReferenceError: __MF_ESM__ is not defined
    at renderApp (/Users/tirthbodawala/workspace/module-federation/stacks/rspack-react/shell/dist/node/837shell.js:15329:6)
    at process.processTicksAndRejections (node:internal/process/task_queues:103:5)
    at async file:///Users/tirthbodawala/workspace/module-federation/stacks/rspack-react/shell/server.mjs:110:17
    at async dispatch (file:///Users/tirthbodawala/workspace/module-federation/node_modules/.pnpm/hono@4.13.3/node_modules/hono/dist/compose.js:22:17)
    at async file:///Users/tirthbodawala/workspace/module-federation/stacks/rspack-react/shell/server.mjs:70:3
    at async dispatch (file:///Users/tirthbodawala/workspace/module-federation/node_modules/.pnpm/hono@4.13.3/node_modules/hono/dist/compose.js:22:17)
    at async compress2 (file:///Users/tirthbodawala/workspace/module-federation/node_modules/.pnpm/hono@4.13.3/node_modules/hono/dist/middleware/compress/index.js:37:5)
    at async dispatch (file:///Users/tirthbodawala/workspace/module-federation/node_modules/.pnpm/hono@4.13.3/node_modules/hono/dist/compose.js:22:17)
    at async file:///Users/tirthbodawala/workspace/module-federation/node_modules/.pnpm/hono@4.13.3/node_modules/hono/dist/hono-base.js:307:25
    at async responseViaResponseObject (file:///Users/tirthbodawala/workspace/module-federation/node_modules/.pnpm/@hono+node-server@2.1.1_hono@4.13.3/node_modules/@hono/node-server/dist/index.mjs:946:13)
[shell] render failed ReferenceError: __MF_ESM__ is not defined
    at renderApp (/Users/tirthbodawala/workspace/module-federation/stacks/rspack-react/shell/dist/node/837shell.js:15329:6)
    at process.processTicksAndRejections (node:internal/process/task_queues:103:5)
    at async file:///Users/tirthbodawala/workspace/module-federation/stacks/rspack-react/shell/server.mjs:110:17
    at async dispatch (file:///Users/tirthbodawala/workspace/module-federation/node_modules/.pnpm/hono@4.13.3/node_modules/hono/dist/compose.js:22:17)
    at async file:///Users/tirthbodawala/workspace/module-federation/stacks/rspack-react/shell/server.mjs:70:3
    at async dispatch (file:///Users/tirthbodawala/workspace/module-federation/node_modules/.pnpm/hono@4.13.3/node_modules/hono/dist/compose.js:22:17)
    at async compress2 (file:///Users/tirthbodawala/workspace/module-federation/node_modules/.pnpm/hono@4.13.3/node_modules/hono/dist/middleware/compress/index.js:37:5)
    at async dispatch (file:///Users/tirthbodawala/workspace/module-federation/node_modules/.pnpm/hono@4.13.3/node_modules/hono/dist/compose.js:22:17)
    at async file:///Users/tirthbodawala/workspace/module-federation/node_modules/.pnpm/hono@4.13.3/node_modules/hono/dist/hono-base.js:307:25
    at async responseViaResponseObject (file:///Users/tirthbodawala/workspace/module-federation/node_modules/.pnpm/@hono+node-server@2.1.1_hono@4.13.3/node_modules/@hono/node-server/dist/index.mjs:946:13)
[shell] :3100 -> http://localhost:3100/static/js/index.6aa6baea.js
[shell] :3100 -> http://localhost:3100/static/js/index.6aa6baea.js
[ Federation Runtime ]: The remote "faq" is already registered. Please note that overriding it may cause unexpected errors.
[ Federation Runtime ]: The remote "product" is already registered. Please note that overriding it may cause unexpected errors.
[ Federation Runtime ]: The remote "cart" is already registered. Please note that overriding it may cause unexpected errors.
[ Federation Runtime ]: The remote "faq" is already registered. Please note that overriding it may cause unexpected errors.
[ Federation Runtime ]: The remote "product" is already registered. Please note that overriding it may cause unexpected errors.
[ Federation Runtime ]: The remote "cart" is already registered. Please note that overriding it may cause unexpected errors.
[ Federation Runtime ]: The remote "faq" is already registered. Please note that overriding it may cause unexpected errors.
[ Federation Runtime ]: The remote "product" is already registered. Please note that overriding it may cause unexpected errors.
[ Federation Runtime ]: The remote "cart" is already registered. Please note that overriding it may cause unexpected errors.
[ Federation Runtime ] Error: [ Federation Runtime ]: Failed to get manifest. #RUNTIME-003
args: {"manifestUrl":"http://localhost:9/ssr/mf-manifest.json","moduleName":"faq","hostName":"shell"}
View the docs to see how to solve: https://module-federation.io/guide/troubleshooting/runtime#runtime-003
Original Error Message:
 TypeError: fetch failed
    at /Users/tirthbodawala/workspace/module-federation/stacks/rspack-react/shell/dist/node/index.js:3230:15
    at logAndReport (/Users/tirthbodawala/workspace/module-federation/stacks/rspack-react/shell/dist/node/index.js:10:12)
    at Object.error (/Users/tirthbodawala/workspace/module-federation/stacks/rspack-react/shell/dist/node/index.js:3229:92)
    at getManifest (/Users/tirthbodawala/workspace/module-federation/stacks/rspack-react/shell/dist/node/index.js:1565:36)
    at process.processTicksAndRejections (node:internal/process/task_queues:103:5)
    at async asyncLoadProcess (/Users/tirthbodawala/workspace/module-federation/stacks/rspack-react/shell/dist/node/index.js:1598:34)
    at async SnapshotHandler.loadRemoteSnapshotInfo (/Users/tirthbodawala/workspace/module-federation/stacks/rspack-react/shell/dist/node/index.js:1513:36)
    at async Array.afterResolve (/Users/tirthbodawala/workspace/module-federation/stacks/rspack-react/shell/dist/node/index.js:1664:60)
    at async RemoteHandler.getRemoteModuleAndOptions (/Users/tirthbodawala/workspace/module-federation/stacks/rspack-react/shell/dist/node/index.js:2075:27)
    at async RemoteHandler.loadRemote (/Users/tirthbodawala/workspace/module-federation/stacks/rspack-react/shell/dist/node/index.js:1830:64)
[ Federation Runtime ] Error: [ Federation Runtime ]: Failed to get manifest. #RUNTIME-003
args: {"manifestUrl":"http://localhost:9/ssr/mf-manifest.json","moduleName":"faq","hostName":"shell"}
View the docs to see how to solve: https://module-federation.io/guide/troubleshooting/runtime#runtime-003
Original Error Message:
 TypeError: fetch failed
    at /Users/tirthbodawala/workspace/module-federation/stacks/rspack-react/shell/dist/node/index.js:3230:15
    at logAndReport (/Users/tirthbodawala/workspace/module-federation/stacks/rspack-react/shell/dist/node/index.js:10:12)
    at Object.error (/Users/tirthbodawala/workspace/module-federation/stacks/rspack-react/shell/dist/node/index.js:3229:92)
    at getManifest (/Users/tirthbodawala/workspace/module-federation/stacks/rspack-react/shell/dist/node/index.js:1565:36)
    at process.processTicksAndRejections (node:internal/process/task_queues:103:5)
    at async asyncLoadProcess (/Users/tirthbodawala/workspace/module-federation/stacks/rspack-react/shell/dist/node/index.js:1598:34)
    at async SnapshotHandler.loadRemoteSnapshotInfo (/Users/tirthbodawala/workspace/module-federation/stacks/rspack-react/shell/dist/node/index.js:1513:36)
    at async Array.afterResolve (/Users/tirthbodawala/workspace/module-federation/stacks/rspack-react/shell/dist/node/index.js:1664:60)
    at async RemoteHandler.getRemoteModuleAndOptions (/Users/tirthbodawala/workspace/module-federation/stacks/rspack-react/shell/dist/node/index.js:2075:27)
    at async RemoteHandler.loadRemote (/Users/tirthbodawala/workspace/module-federation/stacks/rspack-react/shell/dist/node/index.js:1830:64)
[ Federation Runtime ]: The remote "faq" is already registered. Please note that overriding it may cause unexpected errors.
[ Federation Runtime ]: The remote "product" is already registered. Please note that overriding it may cause unexpected errors.
[ Federation Runtime ]: The remote "cart" is already registered. Please note that overriding it may cause unexpected errors.
[shell] :3100 -> http://localhost:3100/static/js/index.bae677cc.js
[shell] render failed ReferenceError: React is not defined
    at renderApp (/Users/tirthbodawala/workspace/module-federation/stacks/rspack-react/shell/dist/node/969shell.js:16537:9)
    at process.processTicksAndRejections (node:internal/process/task_queues:103:5)
    at async file:///Users/tirthbodawala/workspace/module-federation/stacks/rspack-react/shell/server.mjs:110:17
    at async dispatch (file:///Users/tirthbodawala/workspace/module-federation/node_modules/.pnpm/hono@4.13.3/node_modules/hono/dist/compose.js:22:17)
    at async file:///Users/tirthbodawala/workspace/module-federation/stacks/rspack-react/shell/server.mjs:70:3
    at async dispatch (file:///Users/tirthbodawala/workspace/module-federation/node_modules/.pnpm/hono@4.13.3/node_modules/hono/dist/compose.js:22:17)
    at async compress2 (file:///Users/tirthbodawala/workspace/module-federation/node_modules/.pnpm/hono@4.13.3/node_modules/hono/dist/middleware/compress/index.js:37:5)
    at async dispatch (file:///Users/tirthbodawala/workspace/module-federation/node_modules/.pnpm/hono@4.13.3/node_modules/hono/dist/compose.js:22:17)
    at async file:///Users/tirthbodawala/workspace/module-federation/node_modules/.pnpm/hono@4.13.3/node_modules/hono/dist/hono-base.js:307:25
    at async responseViaResponseObject (file:///Users/tirthbodawala/workspace/module-federation/node_modules/.pnpm/@hono+node-server@2.1.1_hono@4.13.3/node_modules/@hono/node-server/dist/index.mjs:946:13)
[shell] render failed ReferenceError: React is not defined
    at renderApp (/Users/tirthbodawala/workspace/module-federation/stacks/rspack-react/shell/dist/node/969shell.js:16537:9)
    at process.processTicksAndRejections (node:internal/process/task_queues:103:5)
    at async file:///Users/tirthbodawala/workspace/module-federation/stacks/rspack-react/shell/server.mjs:110:17
    at async dispatch (file:///Users/tirthbodawala/workspace/module-federation/node_modules/.pnpm/hono@4.13.3/node_modules/hono/dist/compose.js:22:17)
    at async file:///Users/tirthbodawala/workspace/module-federation/stacks/rspack-react/shell/server.mjs:70:3
    at async dispatch (file:///Users/tirthbodawala/workspace/module-federation/node_modules/.pnpm/hono@4.13.3/node_modules/hono/dist/compose.js:22:17)
    at async compress2 (file:///Users/tirthbodawala/workspace/module-federation/node_modules/.pnpm/hono@4.13.3/node_modules/hono/dist/middleware/compress/index.js:37:5)
    at async dispatch (file:///Users/tirthbodawala/workspace/module-federation/node_modules/.pnpm/hono@4.13.3/node_modules/hono/dist/compose.js:22:17)
    at async file:///Users/tirthbodawala/workspace/module-federation/node_modules/.pnpm/hono@4.13.3/node_modules/hono/dist/hono-base.js:307:25
    at async responseViaResponseObject (file:///Users/tirthbodawala/workspace/module-federation/node_modules/.pnpm/@hono+node-server@2.1.1_hono@4.13.3/node_modules/@hono/node-server/dist/index.mjs:946:13)
[shell] :3100 -> http://localhost:3100/static/js/index.bae677cc.js
[shell] render failed ReferenceError: React is not defined
    at renderApp (/Users/tirthbodawala/workspace/module-federation/stacks/rspack-react/shell/dist/node/969shell.js:16537:9)
    at process.processTicksAndRejections (node:internal/process/task_queues:103:5)
    at async file:///Users/tirthbodawala/workspace/module-federation/stacks/rspack-react/shell/server.mjs:110:17
    at async dispatch (file:///Users/tirthbodawala/workspace/module-federation/node_modules/.pnpm/hono@4.13.3/node_modules/hono/dist/compose.js:22:17)
    at async file:///Users/tirthbodawala/workspace/module-federation/stacks/rspack-react/shell/server.mjs:70:3
    at async dispatch (file:///Users/tirthbodawala/workspace/module-federation/node_modules/.pnpm/hono@4.13.3/node_modules/hono/dist/compose.js:22:17)
    at async compress2 (file:///Users/tirthbodawala/workspace/module-federation/node_modules/.pnpm/hono@4.13.3/node_modules/hono/dist/middleware/compress/index.js:37:5)
    at async dispatch (file:///Users/tirthbodawala/workspace/module-federation/node_modules/.pnpm/hono@4.13.3/node_modules/hono/dist/compose.js:22:17)
    at async file:///Users/tirthbodawala/workspace/module-federation/node_modules/.pnpm/hono@4.13.3/node_modules/hono/dist/hono-base.js:307:25
    at async responseViaResponseObject (file:///Users/tirthbodawala/workspace/module-federation/node_modules/.pnpm/@hono+node-server@2.1.1_hono@4.13.3/node_modules/@hono/node-server/dist/index.mjs:946:13)
[shell] :3100 -> http://localhost:3100/static/js/index.bae677cc.js
[shell] render failed ReferenceError: React is not defined
    at renderApp (/Users/tirthbodawala/workspace/module-federation/stacks/rspack-react/shell/dist/node/969shell.js:16537:9)
    at process.processTicksAndRejections (node:internal/process/task_queues:103:5)
    at async file:///Users/tirthbodawala/workspace/module-federation/stacks/rspack-react/shell/server.mjs:110:17
    at async dispatch (file:///Users/tirthbodawala/workspace/module-federation/node_modules/.pnpm/hono@4.13.3/node_modules/hono/dist/compose.js:22:17)
    at async file:///Users/tirthbodawala/workspace/module-federation/stacks/rspack-react/shell/server.mjs:70:3
    at async dispatch (file:///Users/tirthbodawala/workspace/module-federation/node_modules/.pnpm/hono@4.13.3/node_modules/hono/dist/compose.js:22:17)
    at async compress2 (file:///Users/tirthbodawala/workspace/module-federation/node_modules/.pnpm/hono@4.13.3/node_modules/hono/dist/middleware/compress/index.js:37:5)
    at async dispatch (file:///Users/tirthbodawala/workspace/module-federation/node_modules/.pnpm/hono@4.13.3/node_modules/hono/dist/compose.js:22:17)
    at async file:///Users/tirthbodawala/workspace/module-federation/node_modules/.pnpm/hono@4.13.3/node_modules/hono/dist/hono-base.js:307:25
    at async responseViaResponseObject (file:///Users/tirthbodawala/workspace/module-federation/node_modules/.pnpm/@hono+node-server@2.1.1_hono@4.13.3/node_modules/@hono/node-server/dist/index.mjs:946:13)
[shell] render failed ReferenceError: React is not defined
    at renderApp (/Users/tirthbodawala/workspace/module-federation/stacks/rspack-react/shell/dist/node/969shell.js:16537:9)
    at process.processTicksAndRejections (node:internal/process/task_queues:103:5)
    at async file:///Users/tirthbodawala/workspace/module-federation/stacks/rspack-react/shell/server.mjs:110:17
    at async dispatch (file:///Users/tirthbodawala/workspace/module-federation/node_modules/.pnpm/hono@4.13.3/node_modules/hono/dist/compose.js:22:17)
    at async file:///Users/tirthbodawala/workspace/module-federation/stacks/rspack-react/shell/server.mjs:70:3
    at async dispatch (file:///Users/tirthbodawala/workspace/module-federation/node_modules/.pnpm/hono@4.13.3/node_modules/hono/dist/compose.js:22:17)
    at async compress2 (file:///Users/tirthbodawala/workspace/module-federation/node_modules/.pnpm/hono@4.13.3/node_modules/hono/dist/middleware/compress/index.js:37:5)
    at async dispatch (file:///Users/tirthbodawala/workspace/module-federation/node_modules/.pnpm/hono@4.13.3/node_modules/hono/dist/compose.js:22:17)
    at async file:///Users/tirthbodawala/workspace/module-federation/node_modules/.pnpm/hono@4.13.3/node_modules/hono/dist/hono-base.js:307:25
    at async responseViaResponseObject (file:///Users/tirthbodawala/workspace/module-federation/node_modules/.pnpm/@hono+node-server@2.1.1_hono@4.13.3/node_modules/@hono/node-server/dist/index.mjs:946:13)
[shell] :3100 -> http://localhost:3100/static/js/index.acadf62f.js
[shell] :3100 -> http://localhost:3100/static/js/index.acadf62f.js
[shell] :3100 -> http://localhost:3100/static/js/index.acadf62f.js
[shell] :3100 -> http://localhost:3100/static/js/index.acadf62f.js
[shell] :3100 -> http://localhost:3100/static/js/index.acadf62f.js
[ Federation Runtime ] Error: [ Federation Runtime ]: Failed to get manifest. #RUNTIME-003
args: {"manifestUrl":"http://localhost:3101/ssr/mf-manifest.json","moduleName":"faq","hostName":"shell"}
View the docs to see how to solve: https://module-federation.io/guide/troubleshooting/runtime#runtime-003
Original Error Message:
 SyntaxError: Unexpected non-whitespace character after JSON at position 4 (line 1 column 5)
    at /Users/tirthbodawala/workspace/module-federation/stacks/rspack-react/shell/dist/node/index.js:3230:15
    at logAndReport (/Users/tirthbodawala/workspace/module-federation/stacks/rspack-react/shell/dist/node/index.js:10:12)
    at Object.error (/Users/tirthbodawala/workspace/module-federation/stacks/rspack-react/shell/dist/node/index.js:3229:92)
    at getManifest (/Users/tirthbodawala/workspace/module-federation/stacks/rspack-react/shell/dist/node/index.js:1565:36)
    at process.processTicksAndRejections (node:internal/process/task_queues:103:5)
    at async asyncLoadProcess (/Users/tirthbodawala/workspace/module-federation/stacks/rspack-react/shell/dist/node/index.js:1598:34)
    at async SnapshotHandler.loadRemoteSnapshotInfo (/Users/tirthbodawala/workspace/module-federation/stacks/rspack-react/shell/dist/node/index.js:1513:36)
    at async Array.afterResolve (/Users/tirthbodawala/workspace/module-federation/stacks/rspack-react/shell/dist/node/index.js:1664:60)
    at async RemoteHandler.getRemoteModuleAndOptions (/Users/tirthbodawala/workspace/module-federation/stacks/rspack-react/shell/dist/node/index.js:2075:27)
    at async RemoteHandler.loadRemote (/Users/tirthbodawala/workspace/module-federation/stacks/rspack-react/shell/dist/node/index.js:1830:64)
[ Federation Runtime ] Error: [ Federation Runtime ]: Failed to get manifest. #RUNTIME-003
args: {"manifestUrl":"http://localhost:3101/ssr/mf-manifest.json","moduleName":"faq","hostName":"shell"}
View the docs to see how to solve: https://module-federation.io/guide/troubleshooting/runtime#runtime-003
Original Error Message:
 SyntaxError: Unexpected non-whitespace character after JSON at position 4 (line 1 column 5)
    at /Users/tirthbodawala/workspace/module-federation/stacks/rspack-react/shell/dist/node/index.js:3230:15
    at logAndReport (/Users/tirthbodawala/workspace/module-federation/stacks/rspack-react/shell/dist/node/index.js:10:12)
    at Object.error (/Users/tirthbodawala/workspace/module-federation/stacks/rspack-react/shell/dist/node/index.js:3229:92)
    at getManifest (/Users/tirthbodawala/workspace/module-federation/stacks/rspack-react/shell/dist/node/index.js:1565:36)
    at process.processTicksAndRejections (node:internal/process/task_queues:103:5)
    at async asyncLoadProcess (/Users/tirthbodawala/workspace/module-federation/stacks/rspack-react/shell/dist/node/index.js:1598:34)
    at async SnapshotHandler.loadRemoteSnapshotInfo (/Users/tirthbodawala/workspace/module-federation/stacks/rspack-react/shell/dist/node/index.js:1513:36)
    at async Array.afterResolve (/Users/tirthbodawala/workspace/module-federation/stacks/rspack-react/shell/dist/node/index.js:1664:60)
    at async RemoteHandler.getRemoteModuleAndOptions (/Users/tirthbodawala/workspace/module-federation/stacks/rspack-react/shell/dist/node/index.js:2075:27)
    at async RemoteHandler.loadRemote (/Users/tirthbodawala/workspace/module-federation/stacks/rspack-react/shell/dist/node/index.js:1830:64)
[shell] :3100 -> http://localhost:3100/static/js/index.acadf62f.js
[shell] :3100 -> http://localhost:3100/static/js/index.4152dae5.js
[shell] :3100 -> http://localhost:3100/static/js/index.ec663fc1.js
[shell] :3100 -> http://localhost:3100/static/js/index.ec663fc1.js
[shell] :3100 -> http://localhost:3100/static/js/index.ec663fc1.js
[ Federation Runtime ]: The remote "faq" is already registered. Please note that overriding it may cause unexpected errors.
[ Federation Runtime ]: The remote "product" is already registered. Please note that overriding it may cause unexpected errors.
[ Federation Runtime ]: The remote "cart" is already registered. Please note that overriding it may cause unexpected errors.
[ Federation Runtime ]: The remote "faq" is already registered. Please note that overriding it may cause unexpected errors.
[ Federation Runtime ]: The remote "product" is already registered. Please note that overriding it may cause unexpected errors.
[ Federation Runtime ]: The remote "cart" is already registered. Please note that overriding it may cause unexpected errors.
[ Federation Runtime ]: The remote "faq" is already registered. Please note that overriding it may cause unexpected errors.
[ Federation Runtime ]: The remote "product" is already registered. Please note that overriding it may cause unexpected errors.
[ Federation Runtime ]: The remote "cart" is already registered. Please note that overriding it may cause unexpected errors.
[ Federation Runtime ] Error: [ Federation Runtime ]: Failed to get manifest. #RUNTIME-003
args: {"manifestUrl":"http://localhost:9/ssr/mf-manifest.json","moduleName":"faq","hostName":"shell"}
View the docs to see how to solve: https://module-federation.io/guide/troubleshooting/runtime#runtime-003
Original Error Message:
 TypeError: fetch failed
    at /Users/tirthbodawala/workspace/module-federation/stacks/rspack-react/shell/dist/node/index.js:3230:15
    at logAndReport (/Users/tirthbodawala/workspace/module-federation/stacks/rspack-react/shell/dist/node/index.js:10:12)
    at Object.error (/Users/tirthbodawala/workspace/module-federation/stacks/rspack-react/shell/dist/node/index.js:3229:92)
    at getManifest (/Users/tirthbodawala/workspace/module-federation/stacks/rspack-react/shell/dist/node/index.js:1565:36)
    at process.processTicksAndRejections (node:internal/process/task_queues:103:5)
    at async asyncLoadProcess (/Users/tirthbodawala/workspace/module-federation/stacks/rspack-react/shell/dist/node/index.js:1598:34)
    at async SnapshotHandler.loadRemoteSnapshotInfo (/Users/tirthbodawala/workspace/module-federation/stacks/rspack-react/shell/dist/node/index.js:1513:36)
    at async Array.afterResolve (/Users/tirthbodawala/workspace/module-federation/stacks/rspack-react/shell/dist/node/index.js:1664:60)
    at async RemoteHandler.getRemoteModuleAndOptions (/Users/tirthbodawala/workspace/module-federation/stacks/rspack-react/shell/dist/node/index.js:2075:27)
    at async RemoteHandler.loadRemote (/Users/tirthbodawala/workspace/module-federation/stacks/rspack-react/shell/dist/node/index.js:1830:64)
[ Federation Runtime ] Error: [ Federation Runtime ]: Failed to get manifest. #RUNTIME-003
args: {"manifestUrl":"http://localhost:9/ssr/mf-manifest.json","moduleName":"faq","hostName":"shell"}
View the docs to see how to solve: https://module-federation.io/guide/troubleshooting/runtime#runtime-003
Original Error Message:
 TypeError: fetch failed
    at /Users/tirthbodawala/workspace/module-federation/stacks/rspack-react/shell/dist/node/index.js:3230:15
    at logAndReport (/Users/tirthbodawala/workspace/module-federation/stacks/rspack-react/shell/dist/node/index.js:10:12)
    at Object.error (/Users/tirthbodawala/workspace/module-federation/stacks/rspack-react/shell/dist/node/index.js:3229:92)
    at getManifest (/Users/tirthbodawala/workspace/module-federation/stacks/rspack-react/shell/dist/node/index.js:1565:36)
    at process.processTicksAndRejections (node:internal/process/task_queues:103:5)
    at async asyncLoadProcess (/Users/tirthbodawala/workspace/module-federation/stacks/rspack-react/shell/dist/node/index.js:1598:34)
    at async SnapshotHandler.loadRemoteSnapshotInfo (/Users/tirthbodawala/workspace/module-federation/stacks/rspack-react/shell/dist/node/index.js:1513:36)
    at async Array.afterResolve (/Users/tirthbodawala/workspace/module-federation/stacks/rspack-react/shell/dist/node/index.js:1664:60)
    at async RemoteHandler.getRemoteModuleAndOptions (/Users/tirthbodawala/workspace/module-federation/stacks/rspack-react/shell/dist/node/index.js:2075:27)
    at async RemoteHandler.loadRemote (/Users/tirthbodawala/workspace/module-federation/stacks/rspack-react/shell/dist/node/index.js:1830:64)
[ Federation Runtime ]: The remote "faq" is already registered. Please note that overriding it may cause unexpected errors.
[ Federation Runtime ]: The remote "product" is already registered. Please note that overriding it may cause unexpected errors.
[ Federation Runtime ]: The remote "cart" is already registered. Please note that overriding it may cause unexpected errors.
[shell] :3100 -> http://localhost:3100/static/js/index.ca0e7c51.js
[ Federation Runtime ]: The remote "faq" is already registered. Please note that overriding it may cause unexpected errors.
[ Federation Runtime ]: The remote "product" is already registered. Please note that overriding it may cause unexpected errors.
[ Federation Runtime ]: The remote "cart" is already registered. Please note that overriding it may cause unexpected errors.
[ Federation Runtime ]: The remote "faq" is already registered. Please note that overriding it may cause unexpected errors.
[ Federation Runtime ]: The remote "product" is already registered. Please note that overriding it may cause unexpected errors.
[ Federation Runtime ]: The remote "cart" is already registered. Please note that overriding it may cause unexpected errors.
[ Federation Runtime ]: The remote "faq" is already registered. Please note that overriding it may cause unexpected errors.
[ Federation Runtime ]: The remote "product" is already registered. Please note that overriding it may cause unexpected errors.
[ Federation Runtime ]: The remote "cart" is already registered. Please note that overriding it may cause unexpected errors.
[ Federation Runtime ] Error: [ Federation Runtime ]: Failed to get manifest. #RUNTIME-003
args: {"manifestUrl":"http://localhost:9/ssr/mf-manifest.json","moduleName":"faq","hostName":"shell"}
View the docs to see how to solve: https://module-federation.io/guide/troubleshooting/runtime#runtime-003
Original Error Message:
 TypeError: fetch failed
    at /Users/tirthbodawala/workspace/module-federation/stacks/rspack-react/shell/dist/node/index.js:3230:15
    at logAndReport (/Users/tirthbodawala/workspace/module-federation/stacks/rspack-react/shell/dist/node/index.js:10:12)
    at Object.error (/Users/tirthbodawala/workspace/module-federation/stacks/rspack-react/shell/dist/node/index.js:3229:92)
    at getManifest (/Users/tirthbodawala/workspace/module-federation/stacks/rspack-react/shell/dist/node/index.js:1565:36)
    at process.processTicksAndRejections (node:internal/process/task_queues:103:5)
    at async asyncLoadProcess (/Users/tirthbodawala/workspace/module-federation/stacks/rspack-react/shell/dist/node/index.js:1598:34)
    at async SnapshotHandler.loadRemoteSnapshotInfo (/Users/tirthbodawala/workspace/module-federation/stacks/rspack-react/shell/dist/node/index.js:1513:36)
    at async Array.afterResolve (/Users/tirthbodawala/workspace/module-federation/stacks/rspack-react/shell/dist/node/index.js:1664:60)
    at async RemoteHandler.getRemoteModuleAndOptions (/Users/tirthbodawala/workspace/module-federation/stacks/rspack-react/shell/dist/node/index.js:2075:27)
    at async RemoteHandler.loadRemote (/Users/tirthbodawala/workspace/module-federation/stacks/rspack-react/shell/dist/node/index.js:1830:64)
[ Federation Runtime ] Error: [ Federation Runtime ]: Failed to get manifest. #RUNTIME-003
args: {"manifestUrl":"http://localhost:9/ssr/mf-manifest.json","moduleName":"faq","hostName":"shell"}
View the docs to see how to solve: https://module-federation.io/guide/troubleshooting/runtime#runtime-003
Original Error Message:
 TypeError: fetch failed
    at /Users/tirthbodawala/workspace/module-federation/stacks/rspack-react/shell/dist/node/index.js:3230:15
    at logAndReport (/Users/tirthbodawala/workspace/module-federation/stacks/rspack-react/shell/dist/node/index.js:10:12)
    at Object.error (/Users/tirthbodawala/workspace/module-federation/stacks/rspack-react/shell/dist/node/index.js:3229:92)
    at getManifest (/Users/tirthbodawala/workspace/module-federation/stacks/rspack-react/shell/dist/node/index.js:1565:36)
    at process.processTicksAndRejections (node:internal/process/task_queues:103:5)
    at async asyncLoadProcess (/Users/tirthbodawala/workspace/module-federation/stacks/rspack-react/shell/dist/node/index.js:1598:34)
    at async SnapshotHandler.loadRemoteSnapshotInfo (/Users/tirthbodawala/workspace/module-federation/stacks/rspack-react/shell/dist/node/index.js:1513:36)
    at async Array.afterResolve (/Users/tirthbodawala/workspace/module-federation/stacks/rspack-react/shell/dist/node/index.js:1664:60)
    at async RemoteHandler.getRemoteModuleAndOptions (/Users/tirthbodawala/workspace/module-federation/stacks/rspack-react/shell/dist/node/index.js:2075:27)
    at async RemoteHandler.loadRemote (/Users/tirthbodawala/workspace/module-federation/stacks/rspack-react/shell/dist/node/index.js:1830:64)
[ Federation Runtime ]: The remote "faq" is already registered. Please note that overriding it may cause unexpected errors.
[ Federation Runtime ]: The remote "product" is already registered. Please note that overriding it may cause unexpected errors.
[ Federation Runtime ]: The remote "cart" is already registered. Please note that overriding it may cause unexpected errors.
